// Jest Snapshot v1, https://goo.gl/fbAQLP

exports[`ArticleListMini renders correctly 1`] = `
{
  "asFragment": [Function],
  "baseElement": <body>
    <div>
      <section
        data-testid="article-list-mini"
      >
        <h2>
          Recent Posts
        </h2>
        <a
          href="/article-1"
        >
          <div>
            <span>
              Article 1
            </span>
            <div>
              2024-04-10
            </div>
          </div>
        </a>
        <a
          href="/article-2"
        >
          <div>
            <span>
              Article 2
            </span>
            <div>
              2024-04-09
            </div>
          </div>
        </a>
      </section>
    </div>
  </body>,
  "container": <div>
    <section
      data-testid="article-list-mini"
    >
      <h2>
        Recent Posts
      </h2>
      <a
        href="/article-1"
      >
        <div>
          <span>
            Article 1
          </span>
          <div>
            2024-04-10
          </div>
        </div>
      </a>
      <a
        href="/article-2"
      >
        <div>
          <span>
            Article 2
          </span>
          <div>
            2024-04-09
          </div>
        </div>
      </a>
    </section>
  </div>,
  "debug": [Function],
  "findAllByAltText": [Function],
  "findAllByDisplayValue": [Function],
  "findAllByLabelText": [Function],
  "findAllByPlaceholderText": [Function],
  "findAllByRole": [Function],
  "findAllByTestId": [Function],
  "findAllByText": [Function],
  "findAllByTitle": [Function],
  "findByAltText": [Function],
  "findByDisplayValue": [Function],
  "findByLabelText": [Function],
  "findByPlaceholderText": [Function],
  "findByRole": [Function],
  "findByTestId": [Function],
  "findByText": [Function],
  "findByTitle": [Function],
  "getAllByAltText": [Function],
  "getAllByDisplayValue": [Function],
  "getAllByLabelText": [Function],
  "getAllByPlaceholderText": [Function],
  "getAllByRole": [Function],
  "getAllByTestId": [Function],
  "getAllByText": [Function],
  "getAllByTitle": [Function],
  "getByAltText": [Function],
  "getByDisplayValue": [Function],
  "getByLabelText": [Function],
  "getByPlaceholderText": [Function],
  "getByRole": [Function],
  "getByTestId": [Function],
  "getByText": [Function],
  "getByTitle": [Function],
  "queryAllByAltText": [Function],
  "queryAllByDisplayValue": [Function],
  "queryAllByLabelText": [Function],
  "queryAllByPlaceholderText": [Function],
  "queryAllByRole": [Function],
  "queryAllByTestId": [Function],
  "queryAllByText": [Function],
  "queryAllByTitle": [Function],
  "queryByAltText": [Function],
  "queryByDisplayValue": [Function],
  "queryByLabelText": [Function],
  "queryByPlaceholderText": [Function],
  "queryByRole": [Function],
  "queryByTestId": [Function],
  "queryByText": [Function],
  "queryByTitle": [Function],
  "rerender": [Function],
  "unmount": [Function],
}
`;
